Set devices configuration

Usage:
    walt device config [SWITCHES] device_set configuration...

Meta-switches:
    -h, --help      Prints this help message and quits

