publish a WalT image on the docker hub

Usage:
    walt image publish [SWITCHES] image_name

Meta-switches:
    -h, --help      Prints this help message and quits

