Start a remote SQL prompt on the WalT server database

Usage:
    walt advanced sql [SWITCHES] 

Meta-switches:
    -h, --help      Prints this help message and quits

